// Jest Snapshot v1, https://goo.gl/fbAQLP

exports[`Info renders correctly 1`] = `
<Alert
  className="sc-bwzfXH hQDmqP"
  message="Facebook"
  type="error"
/>
`;
